kotlin version: 2.0.21
error message: org.jetbrains.kotlin.backend.common.BackendException: Backend Internal error: Exception during IR lowering
File being compiled: C:/Users/razma/Desktop/TBC_Final/TBC_Final/core/ui/src/main/java/com/example/ui/common/extensions/FlowExtensions.kt
The root cause java.lang.RuntimeException was thrown at: org.jetbrains.kotlin.backend.jvm.codegen.FunctionCodegen.generate(FunctionCodegen.kt:47)
	at org.jetbrains.kotlin.backend.common.CodegenUtil.reportBackendException(CodegenUtil.kt:253)
	at org.jetbrains.kotlin.backend.common.CodegenUtil.reportBackendException$default(CodegenUtil.kt:236)
	at org.jetbrains.kotlin.backend.common.phaser.PerformByIrFilePhase.invokeSequential(performByIrFile.kt:65)
	at org.jetbrains.kotlin.backend.common.phaser.PerformByIrFilePhase.invoke(performByIrFile.kt:52)
	at org.jetbrains.kotlin.backend.common.phaser.PerformByIrFilePhase.invoke(performByIrFile.kt:38)
	at org.jetbrains.kotlin.backend.common.phaser.NamedCompilerPhase.phaseBody(CompilerPhase.kt:166)
	at org.jetbrains.kotlin.backend.common.phaser.AbstractNamedCompilerPhase.invoke(CompilerPhase.kt:113)
	at org.jetbrains.kotlin.backend.common.phaser.CompositePhase.invoke(PhaseBuilders.kt:27)
	at org.jetbrains.kotlin.backend.common.phaser.CompositePhase.invoke(PhaseBuilders.kt:14)
	at org.jetbrains.kotlin.backend.common.phaser.NamedCompilerPhase.phaseBody(CompilerPhase.kt:166)
	at org.jetbrains.kotlin.backend.common.phaser.AbstractNamedCompilerPhase.invoke(CompilerPhase.kt:113)
	at org.jetbrains.kotlin.backend.common.phaser.CompilerPhaseKt.invokeToplevel(CompilerPhase.kt:62)
	at org.jetbrains.kotlin.backend.jvm.JvmIrCodegenFactory.invokeCodegen(JvmIrCodegenFactory.kt:371)
	at org.jetbrains.kotlin.codegen.CodegenFactory.generateModule(CodegenFactory.kt:47)
	at org.jetbrains.kotlin.backend.jvm.JvmIrCodegenFactory.generateModuleInFrontendIRMode(JvmIrCodegenFactory.kt:433)
	at org.jetbrains.kotlin.cli.jvm.compiler.pipeline.JvmCompilerPipelineKt.generateCodeFromIr(jvmCompilerPipeline.kt:246)
	at org.jetbrains.kotlin.cli.jvm.compiler.pipeline.JvmCompilerPipelineKt.compileModulesUsingFrontendIrAndLightTree(jvmCompilerPipeline.kt:142)
	at org.jetbrains.kotlin.cli.jvm.K2JVMCompiler.doExecute(K2JVMCompiler.kt:148)
	at org.jetbrains.kotlin.cli.jvm.K2JVMCompiler.doExecute(K2JVMCompiler.kt:43)
	at org.jetbrains.kotlin.cli.common.CLICompiler.execImpl(CLICompiler.kt:103)
	at org.jetbrains.kotlin.cli.common.CLICompiler.execImpl(CLICompiler.kt:49)
	at org.jetbrains.kotlin.cli.common.CLITool.exec(CLITool.kt:101)
	at org.jetbrains.kotlin.incremental.IncrementalJvmCompilerRunner.runCompiler(IncrementalJvmCompilerRunner.kt:464)
	at org.jetbrains.kotlin.incremental.IncrementalJvmCompilerRunner.runCompiler(IncrementalJvmCompilerRunner.kt:73)
	at org.jetbrains.kotlin.incremental.IncrementalCompilerRunner.doCompile(IncrementalCompilerRunner.kt:506)
	at org.jetbrains.kotlin.incremental.IncrementalCompilerRunner.compileImpl(IncrementalCompilerRunner.kt:423)
	at org.jetbrains.kotlin.incremental.IncrementalCompilerRunner.compileNonIncrementally(IncrementalCompilerRunner.kt:301)
	at org.jetbrains.kotlin.incremental.IncrementalCompilerRunner.compile(IncrementalCompilerRunner.kt:129)
	at org.jetbrains.kotlin.daemon.CompileServiceImplBase.execIncrementalCompiler(CompileServiceImpl.kt:675)
	at org.jetbrains.kotlin.daemon.CompileServiceImplBase.access$execIncrementalCompiler(CompileServiceImpl.kt:92)
	at org.jetbrains.kotlin.daemon.CompileServiceImpl.compile(CompileServiceImpl.kt:1660)
	at java.base/jdk.internal.reflect.DirectMethodHandleAccessor.invoke(Unknown Source)
	at java.base/java.lang.reflect.Method.invoke(Unknown Source)
	at java.rmi/sun.rmi.server.UnicastServerRef.dispatch(Unknown Source)
	at java.rmi/sun.rmi.transport.Transport$1.run(Unknown Source)
	at java.rmi/sun.rmi.transport.Transport$1.run(Unknown Source)
	at java.base/java.security.AccessController.doPrivileged(Unknown Source)
	at java.rmi/sun.rmi.transport.Transport.serviceCall(Unknown Source)
	at java.rmi/sun.rmi.transport.tcp.TCPTransport.handleMessages(Unknown Source)
	at java.rmi/sun.rmi.transport.tcp.TCPTransport$ConnectionHandler.run0(Unknown Source)
	at java.rmi/sun.rmi.transport.tcp.TCPTransport$ConnectionHandler.lambda$run$0(Unknown Source)
	at java.base/java.security.AccessController.doPrivileged(Unknown Source)
	at java.rmi/sun.rmi.transport.tcp.TCPTransport$ConnectionHandler.run(Unknown Source)
	at java.base/java.util.concurrent.ThreadPoolExecutor.runWorker(Unknown Source)
	at java.base/java.util.concurrent.ThreadPoolExecutor$Worker.run(Unknown Source)
	at java.base/java.lang.Thread.run(Unknown Source)
Caused by: java.lang.RuntimeException: Exception while generating code for:
FUN name:CollectWithLifecycle visibility:public modality:FINAL <T> ($receiver:kotlinx.coroutines.flow.Flow<T of com.example.ui.common.extensions.FlowExtensionsKt.CollectWithLifecycle>, lifecycleState:androidx.lifecycle.Lifecycle.State, onCollect:kotlin.coroutines.SuspendFunction1<T of com.example.ui.common.extensions.FlowExtensionsKt.CollectWithLifecycle, kotlin.Unit>) returnType:kotlin.Unit
  annotations:
    Composable
  TYPE_PARAMETER name:T index:0 variance: superTypes:[kotlin.Any?] reified:false
  $receiver: VALUE_PARAMETER name:<this> type:kotlinx.coroutines.flow.Flow<T of com.example.ui.common.extensions.FlowExtensionsKt.CollectWithLifecycle>
  VALUE_PARAMETER name:lifecycleState index:0 type:androidx.lifecycle.Lifecycle.State
    EXPRESSION_BODY
      ERROR_EXPR 'Default Stub' type=androidx.lifecycle.Lifecycle.State
  VALUE_PARAMETER name:onCollect index:1 type:kotlin.coroutines.SuspendFunction1<T of com.example.ui.common.extensions.FlowExtensionsKt.CollectWithLifecycle, kotlin.Unit>
  BLOCK_BODY
    VAR name:lifecycleOwner type:androidx.lifecycle.LifecycleOwner [val]
      CALL 'public final fun <get-current> (): T of androidx.compose.runtime.CompositionLocal [inline] declared in androidx.compose.runtime.CompositionLocal' type=androidx.lifecycle.LifecycleOwner origin=GET_PROPERTY
        $this: TYPE_OP type=androidx.compose.runtime.CompositionLocal<T of androidx.compose.runtime.CompositionLocal> origin=IMPLICIT_CAST typeOperand=androidx.compose.runtime.CompositionLocal<T of androidx.compose.runtime.CompositionLocal>
          CALL 'public final fun <get-LocalLifecycleOwner> (): androidx.compose.runtime.ProvidableCompositionLocal<androidx.lifecycle.LifecycleOwner> declared in androidx.compose.ui.platform.AndroidCompositionLocals_androidKt' type=androidx.compose.runtime.ProvidableCompositionLocal<androidx.lifecycle.LifecycleOwner> origin=GET_PROPERTY
    CALL 'public final fun LaunchedEffect (key1: kotlin.Any?, key2: kotlin.Any?, block: @[ExtensionFunctionType] kotlin.coroutines.SuspendFunction1<kotlinx.coroutines.CoroutineScope, kotlin.Unit>): kotlin.Unit declared in androidx.compose.runtime.EffectsKt' type=kotlin.Unit origin=null
      key1: GET_VAR '<this>: kotlinx.coroutines.flow.Flow<T of com.example.ui.common.extensions.FlowExtensionsKt.CollectWithLifecycle> declared in com.example.ui.common.extensions.FlowExtensionsKt.CollectWithLifecycle' type=kotlinx.coroutines.flow.Flow<T of com.example.ui.common.extensions.FlowExtensionsKt.CollectWithLifecycle> origin=null
      key2: GET_VAR 'val lifecycleOwner: androidx.lifecycle.LifecycleOwner [val] declared in com.example.ui.common.extensions.FlowExtensionsKt.CollectWithLifecycle' type=androidx.lifecycle.LifecycleOwner origin=null
      block: BLOCK type=com.example.ui.common.extensions.FlowExtensionsKt.CollectWithLifecycle.<no name provided> origin=null
        CLASS SUSPEND_LAMBDA CLASS name:<no name provided> modality:FINAL visibility:public/*package*/ superTypes:[kotlin.coroutines.jvm.internal.SuspendLambda; kotlin.jvm.functions.Function2<kotlinx.coroutines.CoroutineScope, kotlin.coroutines.Continuation<kotlin.Unit>?, kotlin.Any?>]
          $this: VALUE_PARAMETER INSTANCE_RECEIVER name:<this> type:com.example.ui.common.extensions.FlowExtensionsKt.CollectWithLifecycle.<no name provided>
          FIELD name:label type:kotlin.Int visibility:public/*package*/
          CONSTRUCTOR SUSPEND_LAMBDA visibility:public/*package*/ <> ($lifecycleOwner:androidx.lifecycle.LifecycleOwner, $lifecycleState:androidx.lifecycle.Lifecycle.State, $this_CollectWithLifecycle:kotlinx.coroutines.flow.Flow<T of com.example.ui.common.extensions.FlowExtensionsKt.CollectWithLifecycle>, $onCollect:kotlin.coroutines.SuspendFunction1<T of com.example.ui.common.extensions.FlowExtensionsKt.CollectWithLifecycle, kotlin.Unit>, $completion:kotlin.coroutines.Continuation<com.example.ui.common.extensions.FlowExtensionsKt.CollectWithLifecycle.<no name provided>>?) returnType:com.example.ui.common.extensions.FlowExtensionsKt.CollectWithLifecycle.<no name provided> [primary]
            VALUE_PARAMETER BOUND_VALUE_PARAMETER name:$lifecycleOwner index:0 type:androidx.lifecycle.LifecycleOwner
            VALUE_PARAMETER BOUND_VALUE_PARAMETER name:$lifecycleState index:1 type:androidx.lifecycle.Lifecycle.State
            VALUE_PARAMETER BOUND_RECEIVER_PARAMETER name:$this_CollectWithLifecycle index:2 type:kotlinx.coroutines.flow.Flow<T of com.example.ui.common.extensions.FlowExtensionsKt.CollectWithLifecycle>
            VALUE_PARAMETER BOUND_VALUE_PARAMETER name:$onCollect index:3 type:kotlin.coroutines.SuspendFunction1<T of com.example.ui.common.extensions.FlowExtensionsKt.CollectWithLifecycle, kotlin.Unit>
            VALUE_PARAMETER name:$completion index:4 type:kotlin.coroutines.Continuation<com.example.ui.common.extensions.FlowExtensionsKt.CollectWithLifecycle.<no name provided>>?
            BLOCK_BODY
              SET_FIELD 'FIELD FIELD_FOR_CAPTURED_VALUE name:$lifecycleOwner type:androidx.lifecycle.LifecycleOwner visibility:public/*package*/ [final] declared in com.example.ui.common.extensions.FlowExtensionsKt.CollectWithLifecycle.<no name provided>' type=kotlin.Unit origin=INITIALIZER_OF_FIELD_FOR_CAPTURED_VALUE
                receiver: GET_VAR '<this>: com.example.ui.common.extensions.FlowExtensionsKt.CollectWithLifecycle.<no name provided> declared in com.example.ui.common.extensions.FlowExtensionsKt.CollectWithLifecycle.<no name provided>' type=com.example.ui.common.extensions.FlowExtensionsKt.CollectWithLifecycle.<no name provided> origin=null
                value: GET_VAR '$lifecycleOwner: androidx.lifecycle.LifecycleOwner declared in com.example.ui.common.extensions.FlowExtensionsKt.CollectWithLifecycle.<no name provided>.<init>' type=androidx.lifecycle.LifecycleOwner origin=null
              SET_FIELD 'FIELD FIELD_FOR_CAPTURED_VALUE name:$lifecycleState type:androidx.lifecycle.Lifecycle.State visibility:public/*package*/ [final] declared in com.example.ui.common.extensions.FlowExtensionsKt.CollectWithLifecycle.<no name provided>' type=kotlin.Unit origin=INITIALIZER_OF_FIELD_FOR_CAPTURED_VALUE
                receiver: GET_VAR '<this>: com.example.ui.common.extensions.FlowExtensionsKt.CollectWithLifecycle.<no name provided> declared in com.example.ui.common.extensions.FlowExtensionsKt.CollectWithLifecycle.<no name provided>' type=com.example.ui.common.extensions.FlowExtensionsKt.CollectWithLifecycle.<no name provided> origin=null
                value: GET_VAR '$lifecycleState: androidx.lifecycle.Lifecycle.State declared in com.example.ui.common.extensions.FlowExtensionsKt.CollectWithLifecycle.<no name provided>.<init>' type=androidx.lifecycle.Lifecycle.State origin=null
              SET_FIELD 'FIELD FIELD_FOR_CAPTURED_VALUE name:$this_CollectWithLifecycle type:kotlinx.coroutines.flow.Flow<T of com.example.ui.common.extensions.FlowExtensionsKt.CollectWithLifecycle> visibility:public/*package*/ [final] declared in com.example.ui.common.extensions.FlowExtensionsKt.CollectWithLifecycle.<no name provided>' type=kotlin.Unit origin=INITIALIZER_OF_FIELD_FOR_CAPTURED_VALUE
                receiver: GET_VAR '<this>: com.example.ui.common.extensions.FlowExtensionsKt.CollectWithLifecycle.<no name provided> declared in com.example.ui.common.extensions.FlowExtensionsKt.CollectWithLifecycle.<no name provided>' type=com.example.ui.common.extensions.FlowExtensionsKt.CollectWithLifecycle.<no name provided> origin=null
                value: GET_VAR '$this_CollectWithLifecycle: kotlinx.coroutines.flow.Flow<T of com.example.ui.common.extensions.FlowExtensionsKt.CollectWithLifecycle> declared in com.example.ui.common.extensions.FlowExtensionsKt.CollectWithLifecycle.<no name provided>.<init>' type=kotlinx.coroutines.flow.Flow<T of com.example.ui.common.extensions.FlowExtensionsKt.CollectWithLifecycle> origin=null
              SET_FIELD 'FIELD FIELD_FOR_CAPTURED_VALUE name:$onCollect type:kotlin.coroutines.SuspendFunction1<T of com.example.ui.common.extensions.FlowExtensionsKt.CollectWithLifecycle, kotlin.Unit> visibility:public/*package*/ [final] declared in com.example.ui.common.extensions.FlowExtensionsKt.CollectWithLifecycle.<no name provided>' type=kotlin.Unit origin=INITIALIZER_OF_FIELD_FOR_CAPTURED_VALUE
                receiver: GET_VAR '<this>: com.example.ui.common.extensions.FlowExtensionsKt.CollectWithLifecycle.<no name provided> declared in com.example.ui.common.extensions.FlowExtensionsKt.CollectWithLifecycle.<no name provided>' type=com.example.ui.common.extensions.FlowExtensionsKt.CollectWithLifecycle.<no name provided> origin=null
                value: GET_VAR '$onCollect: kotlin.coroutines.SuspendFunction1<T of com.example.ui.common.extensions.FlowExtensionsKt.CollectWithLifecycle, kotlin.Unit> declared in com.example.ui.common.extensions.FlowExtensionsKt.CollectWithLifecycle.<no name provided>.<init>' type=kotlin.coroutines.SuspendFunction1<T of com.example.ui.common.extensions.FlowExtensionsKt.CollectWithLifecycle, kotlin.Unit> origin=null
              DELEGATING_CONSTRUCTOR_CALL 'public constructor <init> (arity: kotlin.Int, $completion: kotlin.coroutines.Continuation<kotlin.Any?>?) declared in kotlin.coroutines.jvm.internal.SuspendLambda'
                arity: CONST Int type=kotlin.Int value=2
                $completion: GET_VAR '$completion: kotlin.coroutines.Continuation<com.example.ui.common.extensions.FlowExtensionsKt.CollectWithLifecycle.<no name provided>>? declared in com.example.ui.common.extensions.FlowExtensionsKt.CollectWithLifecycle.<no name provided>.<init>' type=kotlin.coroutines.Continuation<com.example.ui.common.extensions.FlowExtensionsKt.CollectWithLifecycle.<no name provided>>? origin=null
              BLOCK type=kotlin.Unit origin=null
          FUN name:invokeSuspend visibility:public modality:FINAL <> ($this:com.example.ui.common.extensions.FlowExtensionsKt.CollectWithLifecycle.<no name provided>, $result:kotlin.Result<kotlin.Any?>) returnType:kotlin.Any?
            overridden:
              protected abstract fun invokeSuspend ($result: kotlin.Result<kotlin.Any?>): kotlin.Any? declared in kotlin.coroutines.jvm.internal.SuspendLambda
            $this: VALUE_PARAMETER INSTANCE_RECEIVER name:<this> type:com.example.ui.common.extensions.FlowExtensionsKt.CollectWithLifecycle.<no name provided>
            VALUE_PARAMETER name:$result index:0 type:kotlin.Result<kotlin.Any?>
            BLOCK_BODY
              CALL 'public final fun repeatOnLifecycle (state: androidx.lifecycle.Lifecycle.State, block: @[ExtensionFunctionType] kotlin.coroutines.SuspendFunction1<kotlinx.coroutines.CoroutineScope, kotlin.Unit>, $completion: kotlin.coroutines.Continuation<kotlin.Unit>): kotlin.Any? [suspend] declared in androidx.lifecycle.RepeatOnLifecycleKt' type=kotlin.Unit origin=null
                $receiver: CALL 'public abstract fun <get-lifecycle> (): androidx.lifecycle.Lifecycle declared in androidx.lifecycle.LifecycleOwner' type=androidx.lifecycle.Lifecycle origin=GET_PROPERTY
                  $this: GET_FIELD 'FIELD FIELD_FOR_CAPTURED_VALUE name:$lifecycleOwner type:androidx.lifecycle.LifecycleOwner visibility:public/*package*/ [final] declared in com.example.ui.common.extensions.FlowExtensionsKt.CollectWithLifecycle.<no name provided>' type=androidx.lifecycle.LifecycleOwner origin=null
                    receiver: GET_VAR '<this>: com.example.ui.common.extensions.FlowExtensionsKt.CollectWithLifecycle.<no name provided> declared in com.example.ui.common.extensions.FlowExtensionsKt.CollectWithLifecycle.<no name provided>.invokeSuspend' type=com.example.ui.common.extensions.FlowExtensionsKt.CollectWithLifecycle.<no name provided> origin=null
                state: GET_FIELD 'FIELD FIELD_FOR_CAPTURED_VALUE name:$lifecycleState type:androidx.lifecycle.Lifecycle.State visibility:public/*package*/ [final] declared in com.example.ui.common.extensions.FlowExtensionsKt.CollectWithLifecycle.<no name provided>' type=androidx.lifecycle.Lifecycle.State origin=null
                  receiver: GET_VAR '<this>: com.example.ui.common.extensions.FlowExtensionsKt.CollectWithLifecycle.<no name provided> declared in com.example.ui.common.extensions.FlowExtensionsKt.CollectWithLifecycle.<no name provided>.invokeSuspend' type=com.example.ui.common.extensions.FlowExtensionsKt.CollectWithLifecycle.<no name provided> origin=null
                block: BLOCK type=com.example.ui.common.extensions.FlowExtensionsKt.CollectWithLifecycle.<no name provided>.invokeSuspend.<no name provided> origin=null
                  CLASS SUSPEND_LAMBDA CLASS name:<no name provided> modality:FINAL visibility:public/*package*/ superTypes:[kotlin.coroutines.jvm.internal.SuspendLambda; kotlin.jvm.functions.Function2<kotlinx.coroutines.CoroutineScope, kotlin.coroutines.Continuation<kotlin.Unit>?, kotlin.Any?>]
                    $this: VALUE_PARAMETER INSTANCE_RECEIVER name:<this> type:com.example.ui.common.extensions.FlowExtensionsKt.CollectWithLifecycle.<no name provided>.invokeSuspend.<no name provided>
                    FIELD name:label type:kotlin.Int visibility:public/*package*/
                    CONSTRUCTOR SUSPEND_LAMBDA visibility:public/*package*/ <> ($this_CollectWithLifecycle:kotlinx.coroutines.flow.Flow<T of com.example.ui.common.extensions.FlowExtensionsKt.CollectWithLifecycle>, $onCollect:kotlin.coroutines.SuspendFunction1<T of com.example.ui.common.extensions.FlowExtensionsKt.CollectWithLifecycle, kotlin.Unit>, $completion:kotlin.coroutines.Continuation<com.example.ui.common.extensions.FlowExtensionsKt.CollectWithLifecycle.<no name provided>.invokeSuspend.<no name provided>>?) returnType:com.example.ui.common.extensions.FlowExtensionsKt.CollectWithLifecycle.<no name provided>.invokeSuspend.<no name provided> [primary]
                      VALUE_PARAMETER BOUND_RECEIVER_PARAMETER name:$this_CollectWithLifecycle index:0 type:kotlinx.coroutines.flow.Flow<T of com.example.ui.common.extensions.FlowExtensionsKt.CollectWithLifecycle>
                      VALUE_PARAMETER BOUND_VALUE_PARAMETER name:$onCollect index:1 type:kotlin.coroutines.SuspendFunction1<T of com.example.ui.common.extensions.FlowExtensionsKt.CollectWithLifecycle, kotlin.Unit>
                      VALUE_PARAMETER name:$completion index:2 type:kotlin.coroutines.Continuation<com.example.ui.common.extensions.FlowExtensionsKt.CollectWithLifecycle.<no name provided>.invokeSuspend.<no name provided>>?
                      BLOCK_BODY
                        SET_FIELD 'FIELD FIELD_FOR_CAPTURED_VALUE name:$this_CollectWithLifecycle type:kotlinx.coroutines.flow.Flow<T of com.example.ui.common.extensions.FlowExtensionsKt.CollectWithLifecycle> visibility:public/*package*/ [final] declared in com.example.ui.common.extensions.FlowExtensionsKt.CollectWithLifecycle.<no name provided>.invokeSuspend.<no name provided>' type=kotlin.Unit origin=INITIALIZER_OF_FIELD_FOR_CAPTURED_VALUE
                          receiver: GET_VAR '<this>: com.example.ui.common.extensions.FlowExtensionsKt.CollectWithLifecycle.<no name provided>.invokeSuspend.<no name provided> declared in com.example.ui.common.extensions.FlowExtensionsKt.CollectWithLifecycle.<no name provided>.invokeSuspend.<no name provided>' type=com.example.ui.common.extensions.FlowExtensionsKt.CollectWithLifecycle.<no name provided>.invokeSuspend.<no name provided> origin=null
                          value: GET_VAR '$this_CollectWithLifecycle: kotlinx.coroutines.flow.Flow<T of com.example.ui.common.extensions.FlowExtensionsKt.CollectWithLifecycle> declared in com.example.ui.common.extensions.FlowExtensionsKt.CollectWithLifecycle.<no name provided>.invokeSuspend.<no name provided>.<init>' type=kotlinx.coroutines.flow.Flow<T of com.example.ui.common.extensions.FlowExtensionsKt.CollectWithLifecycle> origin=null
                        SET_FIELD 'FIELD FIELD_FOR_CAPTURED_VALUE name:$onCollect type:kotlin.coroutines.SuspendFunction1<T of com.example.ui.common.extensions.FlowExtensionsKt.CollectWithLifecycle, kotlin.Unit> visibility:public/*package*/ [final] declared in com.example.ui.common.extensions.FlowExtensionsKt.CollectWithLifecycle.<no name provided>.invokeSuspend.<no name provided>' type=kotlin.Unit origin=INITIALIZER_OF_FIELD_FOR_CAPTURED_VALUE
                          receiver: GET_VAR '<this>: com.example.ui.common.extensions.FlowExtensionsKt.CollectWithLifecycle.<no name provided>.invokeSuspend.<no name provided> declared in com.example.ui.common.extensions.FlowExtensionsKt.CollectWithLifecycle.<no name provided>.invokeSuspend.<no name provided>' type=com.example.ui.common.extensions.FlowExtensionsKt.CollectWithLifecycle.<no name provided>.invokeSuspend.<no name provided> origin=null
                          value: GET_VAR '$onCollect: kotlin.coroutines.SuspendFunction1<T of com.example.ui.common.extensions.FlowExtensionsKt.CollectWithLifecycle, kotlin.Unit> declared in com.example.ui.common.extensions.FlowExtensionsKt.CollectWithLifecycle.<no name provided>.invokeSuspend.<no name provided>.<init>' type=kotlin.coroutines.SuspendFunction1<T of com.example.ui.common.extensions.FlowExtensionsKt.CollectWithLifecycle, kotlin.Unit> origin=null
                        DELEGATING_CONSTRUCTOR_CALL 'public constructor <init> (arity: kotlin.Int, $completion: kotlin.coroutines.Continuation<kotlin.Any?>?) declared in kotlin.coroutines.jvm.internal.SuspendLambda'
                          arity: CONST Int type=kotlin.Int value=2
                          $completion: GET_VAR '$completion: kotlin.coroutines.Continuation<com.example.ui.common.extensions.FlowExtensionsKt.CollectWithLifecycle.<no name provided>.invokeSuspend.<no name provided>>? declared in com.example.ui.common.extensions.FlowExtensionsKt.CollectWithLifecycle.<no name provided>.invokeSuspend.<no name provided>.<init>' type=kotlin.coroutines.Continuation<com.example.ui.common.extensions.FlowExtensionsKt.CollectWithLifecycle.<no name provided>.invokeSuspend.<no name provided>>? origin=null
                        BLOCK type=kotlin.Unit origin=null
                    FUN name:invokeSuspend visibility:public modality:FINAL <> ($this:com.example.ui.common.extensions.FlowExtensionsKt.CollectWithLifecycle.<no name provided>.invokeSuspend.<no name provided>, $result:kotlin.Result<kotlin.Any?>) returnType:kotlin.Any?
                      overridden:
                        protected abstract fun invokeSuspend ($result: kotlin.Result<kotlin.Any?>): kotlin.Any? declared in kotlin.coroutines.jvm.internal.SuspendLambda
                      $this: VALUE_PARAMETER INSTANCE_RECEIVER name:<this> type:com.example.ui.common.extensions.FlowExtensionsKt.CollectWithLifecycle.<no name provided>.invokeSuspend.<no name provided>
                      VALUE_PARAMETER name:$result index:0 type:kotlin.Result<kotlin.Any?>
                      BLOCK_BODY
                        CALL 'public abstract fun collect (collector: kotlinx.coroutines.flow.FlowCollector<T of kotlinx.coroutines.flow.Flow>, $completion: kotlin.coroutines.Continuation<kotlin.Unit>): kotlin.Any? [suspend] declared in kotlinx.coroutines.flow.Flow' type=kotlin.Unit origin=null
                          $this: GET_FIELD 'FIELD FIELD_FOR_CAPTURED_VALUE name:$this_CollectWithLifecycle type:kotlinx.coroutines.flow.Flow<T of com.example.ui.common.extensions.FlowExtensionsKt.CollectWithLifecycle> visibility:public/*package*/ [final] declared in com.example.ui.common.extensions.FlowExtensionsKt.CollectWithLifecycle.<no name provided>.invokeSuspend.<no name provided>' type=kotlinx.coroutines.flow.Flow<T of com.example.ui.common.extensions.FlowExtensionsKt.CollectWithLifecycle> origin=null
                            receiver: GET_VAR '<this>: com.example.ui.common.extensions.FlowExtensionsKt.CollectWithLifecycle.<no name provided>.invokeSuspend.<no name provided> declared in com.example.ui.common.extensions.FlowExtensionsKt.CollectWithLifecycle.<no name provided>.invokeSuspend.<no name provided>.invokeSuspend' type=com.example.ui.common.extensions.FlowExtensionsKt.CollectWithLifecycle.<no name provided>.invokeSuspend.<no name provided> origin=null
                          collector: BLOCK type=com.example.ui.common.extensions.FlowExtensionsKt.CollectWithLifecycle.<no name provided>.invokeSuspend.<no name provided>.invokeSuspend.<no name provided><T of com.example.ui.common.extensions.FlowExtensionsKt.CollectWithLifecycle.<no name provided>.invokeSuspend.<no name provided>.invokeSuspend.<no name provided>> origin=null
                            CLASS LAMBDA_IMPL CLASS name:<no name provided> modality:FINAL visibility:public/*package*/ superTypes:[@[RawType] kotlinx.coroutines.flow.FlowCollector<T of kotlinx.coroutines.flow.FlowCollector>]
                              $this: VALUE_PARAMETER INSTANCE_RECEIVER name:<this> type:com.example.ui.common.extensions.FlowExtensionsKt.CollectWithLifecycle.<no name provided>.invokeSuspend.<no name provided>.invokeSuspend.<no name provided><T of com.example.ui.common.extensions.FlowExtensionsKt.CollectWithLifecycle.<no name provided>.invokeSuspend.<no name provided>.invokeSuspend.<no name provided>>
                              TYPE_PARAMETER name:T index:0 variance:in superTypes:[kotlin.Any?] reified:false
                              CONSTRUCTOR GENERATED_MEMBER_IN_CALLABLE_REFERENCE visibility:public/*package*/ <> ($onCollect:kotlin.coroutines.SuspendFunction1<T of com.example.ui.common.extensions.FlowExtensionsKt.CollectWithLifecycle, kotlin.Unit>) returnType:com.example.ui.common.extensions.FlowExtensionsKt.CollectWithLifecycle.<no name provided>.invokeSuspend.<no name provided>.invokeSuspend.<no name provided><T of com.example.ui.common.extensions.FlowExtensionsKt.CollectWithLifecycle.<no name provided>.invokeSuspend.<no name provided>.invokeSuspend.<no name provided>> [primary]
                                VALUE_PARAMETER BOUND_VALUE_PARAMETER name:$onCollect index:0 type:kotlin.coroutines.SuspendFunction1<T of com.example.ui.common.extensions.FlowExtensionsKt.CollectWithLifecycle, kotlin.Unit>
                                BLOCK_BODY
                                  SET_FIELD 'FIELD FIELD_FOR_CAPTURED_VALUE name:$onCollect type:kotlin.coroutines.SuspendFunction1<T of com.example.ui.common.extensions.FlowExtensionsKt.CollectWithLifecycle, kotlin.Unit> visibility:public/*package*/ [final] declared in com.example.ui.common.extensions.FlowExtensionsKt.CollectWithLifecycle.<no name provided>.invokeSuspend.<no name provided>.invokeSuspend.<no name provided>' type=kotlin.Unit origin=INITIALIZER_OF_FIELD_FOR_CAPTURED_VALUE
                                    receiver: GET_VAR '<this>: com.example.ui.common.extensions.FlowExtensionsKt.CollectWithLifecycle.<no name provided>.invokeSuspend.<no name provided>.invokeSuspend.<no name provided><T of com.example.ui.common.extensions.FlowExtensionsKt.CollectWithLifecycle.<no name provided>.invokeSuspend.<no name provided>.invokeSuspend.<no name provided>> declared in com.example.ui.common.extensions.FlowExtensionsKt.CollectWithLifecycle.<no name provided>.invokeSuspend.<no name provided>.invokeSuspend.<no name provided>' type=com.example.ui.common.extensions.FlowExtensionsKt.CollectWithLifecycle.<no name provided>.invokeSuspend.<no name provided>.invokeSuspend.<no name provided><T of com.example.ui.common.extensions.FlowExtensionsKt.CollectWithLifecycle.<no name provided>.invokeSuspend.<no name provided>.invokeSuspend.<no name provided>> origin=null
                                    value: GET_VAR '$onCollect: kotlin.coroutines.SuspendFunction1<T of com.example.ui.common.extensions.FlowExtensionsKt.CollectWithLifecycle, kotlin.Unit> declared in com.example.ui.common.extensions.FlowExtensionsKt.CollectWithLifecycle.<no name provided>.invokeSuspend.<no name provided>.invokeSuspend.<no name provided>.<init>' type=kotlin.coroutines.SuspendFunction1<T of com.example.ui.common.extensions.FlowExtensionsKt.CollectWithLifecycle, kotlin.Unit> origin=null
                                  DELEGATING_CONSTRUCTOR_CALL 'public constructor <init> () [primary] declared in kotlin.Any'
                                  BLOCK type=kotlin.Unit origin=null
                              FUN name:emit visibility:public modality:FINAL <> ($this:com.example.ui.common.extensions.FlowExtensionsKt.CollectWithLifecycle.<no name provided>.invokeSuspend.<no name provided>.invokeSuspend.<no name provided><T of com.example.ui.common.extensions.FlowExtensionsKt.CollectWithLifecycle.<no name provided>.invokeSuspend.<no name provided>.invokeSuspend.<no name provided>>, value:T of com.example.ui.common.extensions.FlowExtensionsKt.CollectWithLifecycle, $completion:kotlin.coroutines.Continuation<kotlin.Unit>) returnType:kotlin.Any? [suspend]
                                overridden:
                                  public abstract fun emit (value: T of kotlinx.coroutines.flow.FlowCollector, $completion: kotlin.coroutines.Continuation<kotlin.Unit>): kotlin.Any? [suspend] declared in kotlinx.coroutines.flow.FlowCollector
                                $this: VALUE_PARAMETER INSTANCE_RECEIVER name:<this> type:com.example.ui.common.extensions.FlowExtensionsKt.CollectWithLifecycle.<no name provided>.invokeSuspend.<no name provided>.invokeSuspend.<no name provided><T of com.example.ui.common.extensions.FlowExtensionsKt.CollectWithLifecycle.<no name provided>.invokeSuspend.<no name provided>.invokeSuspend.<no name provided>>
                                VALUE_PARAMETER name:value index:0 type:T of com.example.ui.common.extensions.FlowExtensionsKt.CollectWithLifecycle
                                VALUE_PARAMETER CONTINUATION_CLASS name:$completion index:1 type:kotlin.coroutines.Continuation<kotlin.Unit>
                                BLOCK_BODY
                                  CLASS CONTINUATION_CLASS CLASS name:<Continuation> modality:FINAL visibility:public/*package*/ superTypes:[kotlin.coroutines.jvm.internal.ContinuationImpl]
                                    $this: VALUE_PARAMETER INSTANCE_RECEIVER name:<this> type:com.example.ui.common.extensions.FlowExtensionsKt.CollectWithLifecycle.<no name provided>.invokeSuspend.<no name provided>.invokeSuspend.<no name provided>.emit.<Continuation>
                                    FIELD CONTINUATION_CLASS_RESULT_FIELD name:result type:kotlin.Result<kotlin.Any?> visibility:public/*package*/
                                    FIELD FIELD_FOR_OUTER_THIS name:this$0 type:com.example.ui.common.extensions.FlowExtensionsKt.CollectWithLifecycle.<no name provided>.invokeSuspend.<no name provided>.invokeSuspend.<no name provided><T of com.example.ui.common.extensions.FlowExtensionsKt.CollectWithLifecycle.<no name provided>.invokeSuspend.<no name provided>.invokeSuspend.<no name provided>> visibility:public/*package*/ [final]
                                    FIELD name:label type:kotlin.Int visibility:public/*package*/
                                    CONSTRUCTOR visibility:public/*package*/ <> (this$0:com.example.ui.common.extensions.FlowExtensionsKt.CollectWithLifecycle.<no name provided>.invokeSuspend.<no name provided>.invokeSuspend.<no name provided><T of com.example.ui.common.extensions.FlowExtensionsKt.CollectWithLifecycle.<no name provided>.invokeSuspend.<no name provided>.invokeSuspend.<no name provided>>, $completion:kotlin.coroutines.Continuation<com.example.ui.common.extensions.FlowExtensionsKt.CollectWithLifecycle.<no name provided>.invokeSuspend.<no name provided>.invokeSuspend.<no name provided>.emit.<Continuation>>?) returnType:com.example.ui.common.extensions.FlowExtensionsKt.CollectWithLifecycle.<no name provided>.invokeSuspend.<no name provided>.invokeSuspend.<no name provided>.emit.<Continuation> [primary]
                                      VALUE_PARAMETER name:this$0 index:0 type:com.example.ui.common.extensions.FlowExtensionsKt.CollectWithLifecycle.<no name provided>.invokeSuspend.<no name provided>.invokeSuspend.<no name provided><T of com.example.ui.common.extensions.FlowExtensionsKt.CollectWithLifecycle.<no name provided>.invokeSuspend.<no name provided>.invokeSuspend.<no name provided>>
                                      VALUE_PARAMETER name:$completion index:1 type:kotlin.coroutines.Continuation<com.example.ui.common.extensions.FlowExtensionsKt.CollectWithLifecycle.<no name provided>.invokeSuspend.<no name provided>.invokeSuspend.<no name provided>.emit.<Continuation>>?
                                      BLOCK_BODY
                                        SET_FIELD 'FIELD FIELD_FOR_OUTER_THIS name:this$0 type:com.example.ui.common.extensions.FlowExtensionsKt.CollectWithLifecycle.<no name provided>.invokeSuspend.<no name provided>.invokeSuspend.<no name provided><T of com.example.ui.common.extensions.FlowExtensionsKt.CollectWithLifecycle.<no name provided>.invokeSuspend.<no name provided>.invokeSuspend.<no name provided>> visibility:public/*package*/ [final] declared in com.example.ui.common.extensions.FlowExtensionsKt.CollectWithLifecycle.<no name provided>.invokeSuspend.<no name provided>.invokeSuspend.<no name provided>.emit.<Continuation>' type=kotlin.Unit origin=null
                                          receiver: GET_VAR '<this>: com.example.ui.common.extensions.FlowExtensionsKt.CollectWithLifecycle.<no name provided>.invokeSuspend.<no name provided>.invokeSuspend.<no name provided>.emit.<Continuation> declared in com.example.ui.common.extensions.FlowExtensionsKt.CollectWithLifecycle.<no name provided>.invokeSuspend.<no name provided>.invokeSuspend.<no name provided>.emit.<Continuation>' type=com.example.ui.common.extensions.FlowExtensionsKt.CollectWithLifecycle.<no name provided>.invokeSuspend.<no name provided>.invokeSuspend.<no name provided>.emit.<Continuation> origin=null
                                          value: GET_VAR 'this$0: com.example.ui.common.extensions.FlowExtensionsKt.CollectWithLifecycle.<no name provided>.invokeSuspend.<no name provided>.invokeSuspend.<no name provided><T of com.example.ui.common.extensions.FlowExtensionsKt.CollectWithLifecycle.<no name provided>.invokeSuspend.<no name provided>.invokeSuspend.<no name provided>> declared in com.example.ui.common.extensions.FlowExtensionsKt.CollectWithLifecycle.<no name provided>.invokeSuspend.<no name provided>.invokeSuspend.<no name provided>.emit.<Continuation>.<init>' type=com.example.ui.common.extensions.FlowExtensionsKt.CollectWithLifecycle.<no name provided>.invokeSuspend.<no name provided>.invokeSuspend.<no name provided><T of com.example.ui.common.extensions.FlowExtensionsKt.CollectWithLifecycle.<no name provided>.invokeSuspend.<no name provided>.invokeSuspend.<no name provided>> origin=null
                                        DELEGATING_CONSTRUCTOR_CALL 'public constructor <init> ($completion: kotlin.coroutines.Continuation<kotlin.Any?>?) declared in kotlin.coroutines.jvm.internal.ContinuationImpl'
                                          $completion: GET_VAR '$completion: kotlin.coroutines.Continuation<com.example.ui.common.extensions.FlowExtensionsKt.CollectWithLifecycle.<no name provided>.invokeSuspend.<no name provided>.invokeSuspend.<no name provided>.emit.<Continuation>>? declared in com.example.ui.common.extensions.FlowExtensionsKt.CollectWithLifecycle.<no name provided>.invokeSuspend.<no name provided>.invokeSuspend.<no name provided>.emit.<Continuation>.<init>' type=kotlin.coroutines.Continuation<com.example.ui.common.extensions.FlowExtensionsKt.CollectWithLifecycle.<no name provided>.invokeSuspend.<no name provided>.invokeSuspend.<no name provided>.emit.<Continuation>>? origin=null
                                    FUN name:invokeSuspend visibility:public modality:FINAL <> ($this:com.example.ui.common.extensions.FlowExtensionsKt.CollectWithLifecycle.<no name provided>.invokeSuspend.<no name provided>.invokeSuspend.<no name provided>.emit.<Continuation>, $result:kotlin.Result<kotlin.Any?>) returnType:kotlin.Any?
                                      overridden:
                                        public abstract fun invokeSuspend ($result: kotlin.Result<kotlin.Any?>): kotlin.Any? declared in kotlin.coroutines.jvm.internal.ContinuationImpl
                                      $this: VALUE_PARAMETER INSTANCE_RECEIVER name:<this> type:com.example.ui.common.extensions.FlowExtensionsKt.CollectWithLifecycle.<no name provided>.invokeSuspend.<no name provided>.invokeSuspend.<no name provided>.emit.<Continuation>
                                      VALUE_PARAMETER name:$result index:0 type:kotlin.Result<kotlin.Any?>
                                      BLOCK_BODY
                                        SET_FIELD 'FIELD CONTINUATION_CLASS_RESULT_FIELD name:result type:kotlin.Result<kotlin.Any?> visibility:public/*package*/ declared in com.example.ui.common.extensions.FlowExtensionsKt.CollectWithLifecycle.<no name provided>.invokeSuspend.<no name provided>.invokeSuspend.<no name provided>.emit.<Continuation>' type=kotlin.Unit origin=null
                                          receiver: GET_VAR '<this>: com.example.ui.common.extensions.FlowExtensionsKt.CollectWithLifecycle.<no name provided>.invokeSuspend.<no name provided>.invokeSuspend.<no name provided>.emit.<Continuation> declared in com.example.ui.common.extensions.FlowExtensionsKt.CollectWithLifecycle.<no name provided>.invokeSuspend.<no name provided>.invokeSuspend.<no name provided>.emit.<Continuation>.invokeSuspend' type=com.example.ui.common.extensions.FlowExtensionsKt.CollectWithLifecycle.<no name provided>.invokeSuspend.<no name provided>.invokeSuspend.<no name provided>.emit.<Continuation> origin=null
                                          value: GET_VAR '$result: kotlin.Result<kotlin.Any?> declared in com.example.ui.common.extensions.FlowExtensionsKt.CollectWithLifecycle.<no name provided>.invokeSuspend.<no name provided>.invokeSuspend.<no name provided>.emit.<Continuation>.invokeSuspend' type=kotlin.Result<kotlin.Any?> origin=null
                                        SET_FIELD 'FIELD name:label type:kotlin.Int visibility:public/*package*/ declared in com.example.ui.common.extensions.FlowExtensionsKt.CollectWithLifecycle.<no name provided>.invokeSuspend.<no name provided>.invokeSuspend.<no name provided>.emit.<Continuation>' type=kotlin.Unit origin=null
                                          receiver: GET_VAR '<this>: com.example.ui.common.extensions.FlowExtensionsKt.CollectWithLifecycle.<no name provided>.invokeSuspend.<no name provided>.invokeSuspend.<no name provided>.emit.<Continuation> declared in com.example.ui.common.extensions.FlowExtensionsKt.CollectWithLifecycle.<no name provided>.invokeSuspend.<no name provided>.invokeSuspend.<no name provided>.emit.<Continuation>.invokeSuspend' type=com.example.ui.common.extensions.FlowExtensionsKt.CollectWithLifecycle.<no name provided>.invokeSuspend.<no name provided>.invokeSuspend.<no name provided>.emit.<Continuation> origin=null
                                          value: CALL 'public final fun or (other: kotlin.Int): kotlin.Int [infix] declared in kotlin.Int' type=kotlin.Int origin=null
                                            $this: GET_FIELD 'FIELD name:label type:kotlin.Int visibility:public/*package*/ declared in com.example.ui.common.extensions.FlowExtensionsKt.CollectWithLifecycle.<no name provided>.invokeSuspend.<no name provided>.invokeSuspend.<no name provided>.emit.<Continuation>' type=kotlin.Int origin=null
                                              receiver: GET_VAR '<this>: com.example.ui.common.extensions.FlowExtensionsKt.CollectWithLifecycle.<no name provided>.invokeSuspend.<no name provided>.invokeSuspend.<no name provided>.emit.<Continuation> declared in com.example.ui.common.extensions.FlowExtensionsKt.CollectWithLifecycle.<no name provided>.invokeSuspend.<no name provided>.invokeSuspend.<no name provided>.emit.<Continuation>.invokeSuspend' type=com.example.ui.common.extensions.FlowExtensionsKt.CollectWithLifecycle.<no name provided>.invokeSuspend.<no name provided>.invokeSuspend.<no name provided>.emit.<Continuation> origin=null
                                            other: CONST Int type=kotlin.Int value=-2147483648
                                        RETURN type=kotlin.Nothing from='public final fun invokeSuspend ($result: kotlin.Result<kotlin.Any?>): kotlin.Any? declared in com.example.ui.common.extensions.FlowExtensionsKt.CollectWithLifecycle.<no name provided>.invokeSuspend.<no name provided>.invokeSuspend.<no name provided>.emit.<Continuation>'
                                          CALL 'public final fun emit (value: T of com.example.ui.common.extensions.FlowExtensionsKt.CollectWithLifecycle, $completion: kotlin.coroutines.Continuation<kotlin.Unit>): kotlin.Any? [suspend] declared in com.example.ui.common.extensions.FlowExtensionsKt.CollectWithLifecycle.<no name provided>.invokeSuspend.<no name provided>.invokeSuspend.<no name provided>' type=kotlin.Any? origin=null
                                            $this: GET_FIELD 'FIELD FIELD_FOR_OUTER_THIS name:this$0 type:com.example.ui.common.extensions.FlowExtensionsKt.CollectWithLifecycle.<no name provided>.invokeSuspend.<no name provided>.invokeSuspend.<no name provided><T of com.example.ui.common.extensions.FlowExtensionsKt.CollectWithLifecycle.<no name provided>.invokeSuspend.<no name provided>.invokeSuspend.<no name provided>> visibility:public/*package*/ [final] declared in com.example.ui.common.extensions.FlowExtensionsKt.CollectWithLifecycle.<no name provided>.invokeSuspend.<no name provided>.invokeSuspend.<no name provided>.emit.<Continuation>' type=com.example.ui.common.extensions.FlowExtensionsKt.CollectWithLifecycle.<no name provided>.invokeSuspend.<no name provided>.invokeSuspend.<no name provided><T of com.example.ui.common.extensions.FlowExtensionsKt.CollectWithLifecycle.<no name provided>.invokeSuspend.<no name provided>.invokeSuspend.<no name provided>> origin=null
                                              receiver: GET_VAR '<this>: com.example.ui.common.extensions.FlowExtensionsKt.CollectWithLifecycle.<no name provided>.invokeSuspend.<no name provided>.invokeSuspend.<no name provided>.emit.<Continuation> declared in com.example.ui.common.extensions.FlowExtensionsKt.CollectWithLifecycle.<no name provided>.invokeSuspend.<no name provided>.invokeSuspend.<no name provided>.emit.<Continuation>.invokeSuspend' type=com.example.ui.common.extensions.FlowExtensionsKt.CollectWithLifecycle.<no name provided>.invokeSuspend.<no name provided>.invokeSuspend.<no name provided>.emit.<Continuation> origin=null
                                            value: CONST Null type=kotlin.Any? value=null
                                            $completion: GET_VAR '<this>: com.example.ui.common.extensions.FlowExtensionsKt.CollectWithLifecycle.<no name provided>.invokeSuspend.<no name provided>.invokeSuspend.<no name provided>.emit.<Continuation> declared in com.example.ui.common.extensions.FlowExtensionsKt.CollectWithLifecycle.<no name provided>.invokeSuspend.<no name provided>.invokeSuspend.<no name provided>.emit.<Continuation>.invokeSuspend' type=com.example.ui.common.extensions.FlowExtensionsKt.CollectWithLifecycle.<no name provided>.invokeSuspend.<no name provided>.invokeSuspend.<no name provided>.emit.<Continuation> origin=null
                                  RETURN type=kotlin.Nothing from='public final fun emit (value: T of com.example.ui.common.extensions.FlowExtensionsKt.CollectWithLifecycle, $completion: kotlin.coroutines.Continuation<kotlin.Unit>): kotlin.Any? [suspend] declared in com.example.ui.common.extensions.FlowExtensionsKt.CollectWithLifecycle.<no name provided>.invokeSuspend.<no name provided>.invokeSuspend.<no name provided>'
                                    CALL 'public abstract fun invoke (p1: P1 of kotlin.coroutines.SuspendFunction1, $completion: kotlin.Any?): kotlin.Any? [suspend,operator] declared in kotlin.coroutines.SuspendFunction1' type=kotlin.Unit origin=null
                                      $this: GET_FIELD 'FIELD FIELD_FOR_CAPTURED_VALUE name:$onCollect type:kotlin.coroutines.SuspendFunction1<T of com.example.ui.common.extensions.FlowExtensionsKt.CollectWithLifecycle, kotlin.Unit> visibility:public/*package*/ [final] declared in com.example.ui.common.extensions.FlowExtensionsKt.CollectWithLifecycle.<no name provided>.invokeSuspend.<no name provided>.invokeSuspend.<no name provided>' type=kotlin.coroutines.SuspendFunction1<T of com.example.ui.common.extensions.FlowExtensionsKt.CollectWithLifecycle, kotlin.Unit> origin=null
                                        receiver: GET_VAR '<this>: com.example.ui.common.extensions.FlowExtensionsKt.CollectWithLifecycle.<no name provided>.invokeSuspend.<no name provided>.invokeSuspend.<no name provided><T of com.example.ui.common.extensions.FlowExtensionsKt.CollectWithLifecycle.<no name provided>.invokeSuspend.<no name provided>.invokeSuspend.<no name provided>> declared in com.example.ui.common.extensions.FlowExtensionsKt.CollectWithLifecycle.<no name provided>.invokeSuspend.<no name provided>.invokeSuspend.<no name provided>.emit' type=com.example.ui.common.extensions.FlowExtensionsKt.CollectWithLifecycle.<no name provided>.invokeSuspend.<no name provided>.invokeSuspend.<no name provided><T of com.example.ui.common.extensions.FlowExtensionsKt.CollectWithLifecycle.<no name provided>.invokeSuspend.<no name provided>.invokeSuspend.<no name provided>> origin=null
                                      p1: GET_VAR 'value: T of com.example.ui.common.extensions.FlowExtensionsKt.CollectWithLifecycle declared in com.example.ui.common.extensions.FlowExtensionsKt.CollectWithLifecycle.<no name provided>.invokeSuspend.<no name provided>.invokeSuspend.<no name provided>.emit' type=T of com.example.ui.common.extensions.FlowExtensionsKt.CollectWithLifecycle origin=null
                                      $completion: GET_VAR '$completion: kotlin.coroutines.Continuation<kotlin.Unit> declared in com.example.ui.common.extensions.FlowExtensionsKt.CollectWithLifecycle.<no name provided>.invokeSuspend.<no name provided>.invokeSuspend.<no name provided>.emit' type=kotlin.coroutines.Continuation<kotlin.Unit> origin=null
                              FUN FAKE_OVERRIDE name:equals visibility:public modality:OPEN <> ($this:kotlin.Any, other:kotlin.Any?) returnType:kotlin.Boolean [fake_override,operator]
                                overridden:
                                  public open fun equals (other: kotlin.Any?): kotlin.Boolean [fake_override,operator] declared in kotlinx.coroutines.flow.FlowCollector
                                $this: VALUE_PARAMETER name:<this> type:kotlin.Any
                                VALUE_PARAMETER name:other index:0 type:kotlin.Any?
                              FUN FAKE_OVERRIDE name:hashCode visibility:public modality:OPEN <> ($this:kotlin.Any) returnType:kotlin.Int [fake_override]
                                overridden:
                                  public open fun hashCode (): kotlin.Int [fake_override] declared in kotlinx.coroutines.flow.FlowCollector
                                $this: VALUE_PARAMETER name:<this> type:kotlin.Any
                              FUN FAKE_OVERRIDE name:toString visibility:public modality:OPEN <> ($this:kotlin.Any) returnType:kotlin.String [fake_override]
                                overridden:
                                  public open fun toString (): kotlin.String [fake_override] declared in kotlinx.coroutines.flow.FlowCollector
                                $this: VALUE_PARAMETER name:<this> type:kotlin.Any
                              FIELD FIELD_FOR_CAPTURED_VALUE name:$onCollect type:kotlin.coroutines.SuspendFunction1<T of com.example.ui.common.extensions.FlowExtensionsKt.CollectWithLifecycle, kotlin.Unit> visibility:public/*package*/ [final]
                            CONSTRUCTOR_CALL 'public/*package*/ constructor <init> ($onCollect: kotlin.coroutines.SuspendFunction1<T of com.example.ui.common.extensions.FlowExtensionsKt.CollectWithLifecycle, kotlin.Unit>) [primary] declared in com.example.ui.common.extensions.FlowExtensionsKt.CollectWithLifecycle.<no name provided>.invokeSuspend.<no name provided>.invokeSuspend.<no name provided>' type=com.example.ui.common.extensions.FlowExtensionsKt.CollectWithLifecycle.<no name provided>.invokeSuspend.<no name provided>.invokeSuspend.<no name provided><T of com.example.ui.common.extensions.FlowExtensionsKt.CollectWithLifecycle.<no name provided>.invokeSuspend.<no name provided>.invokeSuspend.<no name provided>> origin=null
                              <class: T>: <none>
                              $onCollect: GET_FIELD 'FIELD FIELD_FOR_CAPTURED_VALUE name:$onCollect type:kotlin.coroutines.SuspendFunction1<T of com.example.ui.common.extensions.FlowExtensionsKt.CollectWithLifecycle, kotlin.Unit> visibility:public/*package*/ [final] declared in com.example.ui.common.extensions.FlowExtensionsKt.CollectWithLifecycle.<no name provided>.invokeSuspend.<no name provided>' type=kotlin.coroutines.SuspendFunction1<T of com.example.ui.common.extensions.FlowExtensionsKt.CollectWithLifecycle, kotlin.Unit> origin=null
                                receiver: GET_VAR '<this>: com.example.ui.common.extensions.FlowExtensionsKt.CollectWithLifecycle.<no name provided>.invokeSuspend.<no name provided> declared in com.example.ui.common.extensions.FlowExtensionsKt.CollectWithLifecycle.<no name provided>.invokeSuspend.<no name provided>.invokeSuspend' type=com.example.ui.common.extensions.FlowExtensionsKt.CollectWithLifecycle.<no name provided>.invokeSuspend.<no name provided> origin=null
                          $completion: GET_VAR '<this>: com.example.ui.common.extensions.FlowExtensionsKt.CollectWithLifecycle.<no name provided>.invokeSuspend.<no name provided> declared in com.example.ui.common.extensions.FlowExtensionsKt.CollectWithLifecycle.<no name provided>.invokeSuspend.<no name provided>.invokeSuspend' type=com.example.ui.common.extensions.FlowExtensionsKt.CollectWithLifecycle.<no name provided>.invokeSuspend.<no name provided> origin=null
                    FUN name:create visibility:public modality:FINAL <> ($this:com.example.ui.common.extensions.FlowExtensionsKt.CollectWithLifecycle.<no name provided>.invokeSuspend.<no name provided>, value:kotlin.Any?, $completion:kotlin.coroutines.Continuation<kotlin.Nothing>) returnType:kotlin.coroutines.Continuation<kotlin.Unit>
                      overridden:
                        public open fun create (value: kotlin.Any?, $completion: kotlin.coroutines.Continuation<kotlin.Nothing>): kotlin.coroutines.Continuation<kotlin.Unit> declared in kotlin.coroutines.jvm.internal.SuspendLambda
                      $this: VALUE_PARAMETER INSTANCE_RECEIVER name:<this> type:com.example.ui.common.extensions.FlowExtensionsKt.CollectWithLifecycle.<no name provided>.invokeSuspend.<no name provided>
                      VALUE_PARAMETER name:value index:0 type:kotlin.Any?
                      VALUE_PARAMETER name:$completion index:1 type:kotlin.coroutines.Continuation<kotlin.Nothing>
                      BLOCK_BODY
                        RETURN type=kotlin.Nothing from='public final fun create (value: kotlin.Any?, $completion: kotlin.coroutines.Continuation<kotlin.Nothing>): kotlin.coroutines.Continuation<kotlin.Unit> declared in com.example.ui.common.extensions.FlowExtensionsKt.CollectWithLifecycle.<no name provided>.invokeSuspend.<no name provided>'
                          CONSTRUCTOR_CALL 'public/*package*/ constructor <init> ($this_CollectWithLifecycle: kotlinx.coroutines.flow.Flow<T of com.example.ui.common.extensions.FlowExtensionsKt.CollectWithLifecycle>, $onCollect: kotlin.coroutines.SuspendFunction1<T of com.example.ui.common.extensions.FlowExtensionsKt.CollectWithLifecycle, kotlin.Unit>, $completion: kotlin.coroutines.Continuation<com.example.ui.common.extensions.FlowExtensionsKt.CollectWithLifecycle.<no name provided>.invokeSuspend.<no name provided>>?) [primary] declared in com.example.ui.common.extensions.FlowExtensionsKt.CollectWithLifecycle.<no name provided>.invokeSuspend.<no name provided>' type=com.example.ui.common.extensions.FlowExtensionsKt.CollectWithLifecycle.<no name provided>.invokeSuspend.<no name provided> origin=null
                            $this_CollectWithLifecycle: GET_FIELD 'FIELD FIELD_FOR_CAPTURED_VALUE name:$this_CollectWithLifecycle type:kotlinx.coroutines.flow.Flow<T of com.example.ui.common.extensions.FlowExtensionsKt.CollectWithLifecycle> visibility:public/*package*/ [final] declared in com.example.ui.common.extensions.FlowExtensionsKt.CollectWithLifecycle.<no name provided>.invokeSuspend.<no name provided>' type=kotlinx.coroutines.flow.Flow<T of com.example.ui.common.extensions.FlowExtensionsKt.CollectWithLifecycle> origin=null
                              receiver: GET_VAR '<this>: com.example.ui.common.extensions.FlowExtensionsKt.CollectWithLifecycle.<no name provided>.invokeSuspend.<no name provided> declared in com.example.ui.common.extensions.FlowExtensionsKt.CollectWithLifecycle.<no name provided>.invokeSuspend.<no name provided>.create' type=com.example.ui.common.extensions.FlowExtensionsKt.CollectWithLifecycle.<no name provided>.invokeSuspend.<no name provided> origin=null
                            $onCollect: GET_FIELD 'FIELD FIELD_FOR_CAPTURED_VALUE name:$onCollect type:kotlin.coroutines.SuspendFunction1<T of com.example.ui.common.extensions.FlowExtensionsKt.CollectWithLifecycle, kotlin.Unit> visibility:public/*package*/ [final] declared in com.example.ui.common.extensions.FlowExtensionsKt.CollectWithLifecycle.<no name provided>.invokeSuspend.<no name provided>' type=kotlin.coroutines.SuspendFunction1<T of com.example.ui.common.extensions.FlowExtensionsKt.CollectWithLifecycle, kotlin.Unit> origin=null
                              receiver: GET_VAR '<this>: com.example.ui.common.extensions.FlowExtensionsKt.CollectWithLifecycle.<no name provided>.invokeSuspend.<no name provided> declared in com.example.ui.common.extensions.FlowExtensionsKt.CollectWithLifecycle.<no name provided>.invokeSuspend.<no name provided>.create' type=com.example.ui.common.extensions.FlowExtensionsKt.CollectWithLifecycle.<no name provided>.invokeSuspend.<no name provided> origin=null
                            $completion: GET_VAR '$completion: kotlin.coroutines.Continuation<kotlin.Nothing> declared in com.example.ui.common.extensions.FlowExtensionsKt.CollectWithLifecycle.<no name provided>.invokeSuspend.<no name provided>.create' type=kotlin.coroutines.Continuation<kotlin.Nothing> origin=null
                    FUN name:invoke visibility:public modality:FINAL <> ($this:com.example.ui.common.extensions.FlowExtensionsKt.CollectWithLifecycle.<no name provided>.invokeSuspend.<no name provided>, p1:kotlinx.coroutines.CoroutineScope, p2:kotlin.coroutines.Continuation<kotlin.Unit>?) returnType:kotlin.Any?
                      overridden:
                        public abstract fun invoke (p1: P1 of kotlin.jvm.functions.Function2, p2: P2 of kotlin.jvm.functions.Function2): R of kotlin.jvm.functions.Function2 declared in kotlin.jvm.functions.Function2
                      $this: VALUE_PARAMETER INSTANCE_RECEIVER name:<this> type:com.example.ui.common.extensions.FlowExtensionsKt.CollectWithLifecycle.<no name provided>.invokeSuspend.<no name provided>
                      VALUE_PARAMETER name:p1 index:0 type:kotlinx.coroutines.CoroutineScope
                      VALUE_PARAMETER name:p2 index:1 type:kotlin.coroutines.Continuation<kotlin.Unit>?
                      BLOCK_BODY
                        RETURN type=kotlin.Nothing from='public final fun invoke (p1: kotlinx.coroutines.CoroutineScope, p2: kotlin.coroutines.Continuation<kotlin.Unit>?): kotlin.Any? declared in com.example.ui.common.extensions.FlowExtensionsKt.CollectWithLifecycle.<no name provided>.invokeSuspend.<no name provided>'
                          CALL 'public final fun invokeSuspend ($result: kotlin.Result<kotlin.Any?>): kotlin.Any? declared in com.example.ui.common.extensions.FlowExtensionsKt.CollectWithLifecycle.<no name provided>.invokeSuspend.<no name provided>' type=kotlin.Any? origin=null
                            $this: TYPE_OP type=com.example.ui.common.extensions.FlowExtensionsKt.CollectWithLifecycle.<no name provided>.invokeSuspend.<no name provided> origin=IMPLICIT_CAST typeOperand=com.example.ui.common.extensions.FlowExtensionsKt.CollectWithLifecycle.<no name provided>.invokeSuspend.<no name provided>
                              CALL 'public final fun create (value: kotlin.Any?, $completion: kotlin.coroutines.Continuation<kotlin.Nothing>): kotlin.coroutines.Continuation<kotlin.Unit> declared in com.example.ui.common.extensions.FlowExtensionsKt.CollectWithLifecycle.<no name provided>.invokeSuspend.<no name provided>' type=kotlin.coroutines.Continuation<kotlin.Unit> origin=null
                                $this: GET_VAR '<this>: com.example.ui.common.extensions.FlowExtensionsKt.CollectWithLifecycle.<no name provided>.invokeSuspend.<no name provided> declared in com.example.ui.common.extensions.FlowExtensionsKt.CollectWithLifecycle.<no name provided>.invokeSuspend.<no name provided>.invoke' type=com.example.ui.common.extensions.FlowExtensionsKt.CollectWithLifecycle.<no name provided>.invokeSuspend.<no name provided> origin=null
                                value: GET_VAR 'p1: kotlinx.coroutines.CoroutineScope declared in com.example.ui.common.extensions.FlowExtensionsKt.CollectWithLifecycle.<no name provided>.invokeSuspend.<no name provided>.invoke' type=kotlinx.coroutines.CoroutineScope origin=null
                                $completion: GET_VAR 'p2: kotlin.coroutines.Continuation<kotlin.Unit>? declared in com.example.ui.common.extensions.FlowExtensionsKt.CollectWithLifecycle.<no name provided>.invokeSuspend.<no name provided>.invoke' type=kotlin.coroutines.Continuation<kotlin.Unit>? origin=null
                            $result: CALL 'public final fun <unsafe-coerce> <T, R> (v: T of kotlin.jvm.internal.<unsafe-coerce>): R of kotlin.jvm.internal.<unsafe-coerce> declared in kotlin.jvm.internal' type=kotlin.Result<kotlin.Any?> origin=null
                              <T>: kotlin.Any?
                              <R>: kotlin.Result<kotlin.Any?>
                              v: GET_FIELD 'FIELD FIELD_FOR_OBJECT_INSTANCE name:INSTANCE type:kotlin.Unit visibility:public [final,static] declared in kotlin.Unit' type=kotlin.Unit origin=null
                    FIELD FIELD_FOR_CAPTURED_VALUE name:$this_CollectWithLifecycle type:kotlinx.coroutines.flow.Flow<T of com.example.ui.common.extensions.FlowExtensionsKt.CollectWithLifecycle> visibility:public/*package*/ [final]
                    FIELD FIELD_FOR_CAPTURED_VALUE name:$onCollect type:kotlin.coroutines.SuspendFunction1<T of com.example.ui.common.extensions.FlowExtensionsKt.CollectWithLifecycle, kotlin.Unit> visibility:public/*package*/ [final]
                    FUN BRIDGE name:invoke visibility:public modality:OPEN <> ($this:com.example.ui.common.extensions.FlowExtensionsKt.CollectWithLifecycle.<no name provided>.invokeSuspend.<no name provided>, p1:kotlin.Any?, p2:kotlin.Any?) returnType:kotlin.Any?
                      $this: VALUE_PARAMETER INSTANCE_RECEIVER name:<this> type:com.example.ui.common.extensions.FlowExtensionsKt.CollectWithLifecycle.<no name provided>.invokeSuspend.<no name provided>
                      VALUE_PARAMETER BRIDGE name:p1 index:0 type:kotlin.Any?
                      VALUE_PARAMETER BRIDGE name:p2 index:1 type:kotlin.Any?
                      EXPRESSION_BODY
                        RETURN type=kotlin.Nothing from='public open fun invoke (p1: kotlin.Any?, p2: kotlin.Any?): kotlin.Any? declared in com.example.ui.common.extensions.FlowExtensionsKt.CollectWithLifecycle.<no name provided>.invokeSuspend.<no name provided>'
                          CALL 'public final fun invoke (p1: kotlinx.coroutines.CoroutineScope, p2: kotlin.coroutines.Continuation<kotlin.Unit>?): kotlin.Any? declared in com.example.ui.common.extensions.FlowExtensionsKt.CollectWithLifecycle.<no name provided>.invokeSuspend.<no name provided>' type=kotlin.Any? origin=BRIDGE_DELEGATION
                            $this: GET_VAR '<this>: com.example.ui.common.extensions.FlowExtensionsKt.CollectWithLifecycle.<no name provided>.invokeSuspend.<no name provided> declared in com.example.ui.common.extensions.FlowExtensionsKt.CollectWithLifecycle.<no name provided>.invokeSuspend.<no name provided>.invoke' type=com.example.ui.common.extensions.FlowExtensionsKt.CollectWithLifecycle.<no name provided>.invokeSuspend.<no name provided> origin=null
                            p1: TYPE_OP type=kotlinx.coroutines.CoroutineScope origin=IMPLICIT_CAST typeOperand=kotlinx.coroutines.CoroutineScope
                              GET_VAR 'p1: kotlin.Any? declared in com.example.ui.common.extensions.FlowExtensionsKt.CollectWithLifecycle.<no name provided>.invokeSuspend.<no name provided>.invoke' type=kotlin.Any? origin=null
                            p2: TYPE_OP type=kotlin.coroutines.Continuation<*> origin=IMPLICIT_CAST typeOperand=kotlin.coroutines.Continuation<*>
                              GET_VAR 'p2: kotlin.Any? declared in com.example.ui.common.extensions.FlowExtensionsKt.CollectWithLifecycle.<no name provided>.invokeSuspend.<no name provided>.invoke' type=kotlin.Any? origin=null
                  CONSTRUCTOR_CALL 'public/*package*/ constructor <init> ($this_CollectWithLifecycle: kotlinx.coroutines.flow.Flow<T of com.example.ui.common.extensions.FlowExtensionsKt.CollectWithLifecycle>, $onCollect: kotlin.coroutines.SuspendFunction1<T of com.example.ui.common.extensions.FlowExtensionsKt.CollectWithLifecycle, kotlin.Unit>, $completion: kotlin.coroutines.Continuation<com.example.ui.common.extensions.FlowExtensionsKt.CollectWithLifecycle.<no name provided>.invokeSuspend.<no name provided>>?) [primary] declared in com.example.ui.common.extensions.FlowExtensionsKt.CollectWithLifecycle.<no name provided>.invokeSuspend.<no name provided>' type=com.example.ui.common.extensions.FlowExtensionsKt.CollectWithLifecycle.<no name provided>.invokeSuspend.<no name provided> origin=null
                    $this_CollectWithLifecycle: GET_FIELD 'FIELD FIELD_FOR_CAPTURED_VALUE name:$this_CollectWithLifecycle type:kotlinx.coroutines.flow.Flow<T of com.example.ui.common.extensions.FlowExtensionsKt.CollectWithLifecycle> visibility:public/*package*/ [final] declared in com.example.ui.common.extensions.FlowExtensionsKt.CollectWithLifecycle.<no name provided>' type=kotlinx.coroutines.flow.Flow<T of com.example.ui.common.extensions.FlowExtensionsKt.CollectWithLifecycle> origin=null
                      receiver: GET_VAR '<this>: com.example.ui.common.extensions.FlowExtensionsKt.CollectWithLifecycle.<no name provided> declared in com.example.ui.common.extensions.FlowExtensionsKt.CollectWithLifecycle.<no name provided>.invokeSuspend' type=com.example.ui.common.extensions.FlowExtensionsKt.CollectWithLifecycle.<no name provided> origin=null
                    $onCollect: GET_FIELD 'FIELD FIELD_FOR_CAPTURED_VALUE name:$onCollect type:kotlin.coroutines.SuspendFunction1<T of com.example.ui.common.extensions.FlowExtensionsKt.CollectWithLifecycle, kotlin.Unit> visibility:public/*package*/ [final] declared in com.example.ui.common.extensions.FlowExtensionsKt.CollectWithLifecycle.<no name provided>' type=kotlin.coroutines.SuspendFunction1<T of com.example.ui.common.extensions.FlowExtensionsKt.CollectWithLifecycle, kotlin.Unit> origin=null
                      receiver: GET_VAR '<this>: com.example.ui.common.extensions.FlowExtensionsKt.CollectWithLifecycle.<no name provided> declared in com.example.ui.common.extensions.FlowExtensionsKt.CollectWithLifecycle.<no name provided>.invokeSuspend' type=com.example.ui.common.extensions.FlowExtensionsKt.CollectWithLifecycle.<no name provided> origin=null
                    $completion: CONST Null type=kotlin.Nothing? value=null
                $completion: GET_VAR '<this>: com.example.ui.common.extensions.FlowExtensionsKt.CollectWithLifecycle.<no name provided> declared in com.example.ui.common.extensions.FlowExtensionsKt.CollectWithLifecycle.<no name provided>.invokeSuspend' type=com.example.ui.common.extensions.FlowExtensionsKt.CollectWithLifecycle.<no name provided> origin=null
          FUN name:create visibility:public modality:FINAL <> ($this:com.example.ui.common.extensions.FlowExtensionsKt.CollectWithLifecycle.<no name provided>, value:kotlin.Any?, $completion:kotlin.coroutines.Continuation<kotlin.Nothing>) returnType:kotlin.coroutines.Continuation<kotlin.Unit>
            overridden:
              public open fun create (value: kotlin.Any?, $completion: kotlin.coroutines.Continuation<kotlin.Nothing>): kotlin.coroutines.Continuation<kotlin.Unit> declared in kotlin.coroutines.jvm.internal.SuspendLambda
            $this: VALUE_PARAMETER INSTANCE_RECEIVER name:<this> type:com.example.ui.common.extensions.FlowExtensionsKt.CollectWithLifecycle.<no name provided>
            VALUE_PARAMETER name:value index:0 type:kotlin.Any?
            VALUE_PARAMETER name:$completion index:1 type:kotlin.coroutines.Continuation<kotlin.Nothing>
            BLOCK_BODY
              RETURN type=kotlin.Nothing from='public final fun create (value: kotlin.Any?, $completion: kotlin.coroutines.Continuation<kotlin.Nothing>): kotlin.coroutines.Continuation<kotlin.Unit> declared in com.example.ui.common.extensions.FlowExtensionsKt.CollectWithLifecycle.<no name provided>'
                CONSTRUCTOR_CALL 'public/*package*/ constructor <init> ($lifecycleOwner: androidx.lifecycle.LifecycleOwner, $lifecycleState: androidx.lifecycle.Lifecycle.State, $this_CollectWithLifecycle: kotlinx.coroutines.flow.Flow<T of com.example.ui.common.extensions.FlowExtensionsKt.CollectWithLifecycle>, $onCollect: kotlin.coroutines.SuspendFunction1<T of com.example.ui.common.extensions.FlowExtensionsKt.CollectWithLifecycle, kotlin.Unit>, $completion: kotlin.coroutines.Continuation<com.example.ui.common.extensions.FlowExtensionsKt.CollectWithLifecycle.<no name provided>>?) [primary] declared in com.example.ui.common.extensions.FlowExtensionsKt.CollectWithLifecycle.<no name provided>' type=com.example.ui.common.extensions.FlowExtensionsKt.CollectWithLifecycle.<no name provided> origin=null
                  $lifecycleOwner: GET_FIELD 'FIELD FIELD_FOR_CAPTURED_VALUE name:$lifecycleOwner type:androidx.lifecycle.LifecycleOwner visibility:public/*package*/ [final] declared in com.example.ui.common.extensions.FlowExtensionsKt.CollectWithLifecycle.<no name provided>' type=androidx.lifecycle.LifecycleOwner origin=null
                    receiver: GET_VAR '<this>: com.example.ui.common.extensions.FlowExtensionsKt.CollectWithLifecycle.<no name provided> declared in com.example.ui.common.extensions.FlowExtensionsKt.CollectWithLifecycle.<no name provided>.create' type=com.example.ui.common.extensions.FlowExtensionsKt.CollectWithLifecycle.<no name provided> origin=null
                  $lifecycleState: GET_FIELD 'FIELD FIELD_FOR_CAPTURED_VALUE name:$lifecycleState type:androidx.lifecycle.Lifecycle.State visibility:public/*package*/ [final] declared in com.example.ui.common.extensions.FlowExtensionsKt.CollectWithLifecycle.<no name provided>' type=androidx.lifecycle.Lifecycle.State origin=null
                    receiver: GET_VAR '<this>: com.example.ui.common.extensions.FlowExtensionsKt.CollectWithLifecycle.<no name provided> declared in com.example.ui.common.extensions.FlowExtensionsKt.CollectWithLifecycle.<no name provided>.create' type=com.example.ui.common.extensions.FlowExtensionsKt.CollectWithLifecycle.<no name provided> origin=null
                  $this_CollectWithLifecycle: GET_FIELD 'FIELD FIELD_FOR_CAPTURED_VALUE name:$this_CollectWithLifecycle type:kotlinx.coroutines.flow.Flow<T of com.example.ui.common.extensions.FlowExtensionsKt.CollectWithLifecycle> visibility:public/*package*/ [final] declared in com.example.ui.common.extensions.FlowExtensionsKt.CollectWithLifecycle.<no name provided>' type=kotlinx.coroutines.flow.Flow<T of com.example.ui.common.extensions.FlowExtensionsKt.CollectWithLifecycle> origin=null
                    receiver: GET_VAR '<this>: com.example.ui.common.extensions.FlowExtensionsKt.CollectWithLifecycle.<no name provided> declared in com.example.ui.common.extensions.FlowExtensionsKt.CollectWithLifecycle.<no name provided>.create' type=com.example.ui.common.extensions.FlowExtensionsKt.CollectWithLifecycle.<no name provided> origin=null
                  $onCollect: GET_FIELD 'FIELD FIELD_FOR_CAPTURED_VALUE name:$onCollect type:kotlin.coroutines.SuspendFunction1<T of com.example.ui.common.extensions.FlowExtensionsKt.CollectWithLifecycle, kotlin.Unit> visibility:public/*package*/ [final] declared in com.example.ui.common.extensions.FlowExtensionsKt.CollectWithLifecycle.<no name provided>' type=kotlin.coroutines.SuspendFunction1<T of com.example.ui.common.extensions.FlowExtensionsKt.CollectWithLifecycle, kotlin.Unit> origin=null
                    receiver: GET_VAR '<this>: com.example.ui.common.extensions.FlowExtensionsKt.CollectWithLifecycle.<no name provided> declared in com.example.ui.common.extensions.FlowExtensionsKt.CollectWithLifecycle.<no name provided>.create' type=com.example.ui.common.extensions.FlowExtensionsKt.CollectWithLifecycle.<no name provided> origin=null
                  $completion: GET_VAR '$completion: kotlin.coroutines.Continuation<kotlin.Nothing> declared in com.example.ui.common.extensions.FlowExtensionsKt.CollectWithLifecycle.<no name provided>.create' type=kotlin.coroutines.Continuation<kotlin.Nothing> origin=null
          FUN name:invoke visibility:public modality:FINAL <> ($this:com.example.ui.common.extensions.FlowExtensionsKt.CollectWithLifecycle.<no name provided>, p1:kotlinx.coroutines.CoroutineScope, p2:kotlin.coroutines.Continuation<kotlin.Unit>?) returnType:kotlin.Any?
            overridden:
              public abstract fun invoke (p1: P1 of kotlin.jvm.functions.Function2, p2: P2 of kotlin.jvm.functions.Function2): R of kotlin.jvm.functions.Function2 declared in kotlin.jvm.functions.Function2
            $this: VALUE_PARAMETER INSTANCE_RECEIVER name:<this> type:com.example.ui.common.extensions.FlowExtensionsKt.CollectWithLifecycle.<no name provided>
            VALUE_PARAMETER name:p1 index:0 type:kotlinx.coroutines.CoroutineScope
            VALUE_PARAMETER name:p2 index:1 type:kotlin.coroutines.Continuation<kotlin.Unit>?
            BLOCK_BODY
              RETURN type=kotlin.Nothing from='public final fun invoke (p1: kotlinx.coroutines.CoroutineScope, p2: kotlin.coroutines.Continuation<kotlin.Unit>?): kotlin.Any? declared in com.example.ui.common.extensions.FlowExtensionsKt.CollectWithLifecycle.<no name provided>'
                CALL 'public final fun invokeSuspend ($result: kotlin.Result<kotlin.Any?>): kotlin.Any? declared in com.example.ui.common.extensions.FlowExtensionsKt.CollectWithLifecycle.<no name provided>' type=kotlin.Any? origin=null
                  $this: TYPE_OP type=com.example.ui.common.extensions.FlowExtensionsKt.CollectWithLifecycle.<no name provided> origin=IMPLICIT_CAST typeOperand=com.example.ui.common.extensions.FlowExtensionsKt.CollectWithLifecycle.<no name provided>
                    CALL 'public final fun create (value: kotlin.Any?, $completion: kotlin.coroutines.Continuation<kotlin.Nothing>): kotlin.coroutines.Continuation<kotlin.Unit> declared in com.example.ui.common.extensions.FlowExtensionsKt.CollectWithLifecycle.<no name provided>' type=kotlin.coroutines.Continuation<kotlin.Unit> origin=null
                      $this: GET_VAR '<this>: com.example.ui.common.extensions.FlowExtensionsKt.CollectWithLifecycle.<no name provided> declared in com.example.ui.common.extensions.FlowExtensionsKt.CollectWithLifecycle.<no name provided>.invoke' type=com.example.ui.common.extensions.FlowExtensionsKt.CollectWithLifecycle.<no name provided> origin=null
                      value: GET_VAR 'p1: kotlinx.coroutines.CoroutineScope declared in com.example.ui.common.extensions.FlowExtensionsKt.CollectWithLifecycle.<no name provided>.invoke' type=kotlinx.coroutines.CoroutineScope origin=null
                      $completion: GET_VAR 'p2: kotlin.coroutines.Continuation<kotlin.Unit>? declared in com.example.ui.common.extensions.FlowExtensionsKt.CollectWithLifecycle.<no name provided>.invoke' type=kotlin.coroutines.Continuation<kotlin.Unit>? origin=null
                  $result: CALL 'public final fun <unsafe-coerce> <T, R> (v: T of kotlin.jvm.internal.<unsafe-coerce>): R of kotlin.jvm.internal.<unsafe-coerce> declared in kotlin.jvm.internal' type=kotlin.Result<kotlin.Any?> origin=null
                    <T>: kotlin.Any?
                    <R>: kotlin.Result<kotlin.Any?>
                    v: GET_FIELD 'FIELD FIELD_FOR_OBJECT_INSTANCE name:INSTANCE type:kotlin.Unit visibility:public [final,static] declared in kotlin.Unit' type=kotlin.Unit origin=null
          FIELD FIELD_FOR_CAPTURED_VALUE name:$lifecycleOwner type:androidx.lifecycle.LifecycleOwner visibility:public/*package*/ [final]
          FIELD FIELD_FOR_CAPTURED_VALUE name:$lifecycleState type:androidx.lifecycle.Lifecycle.State visibility:public/*package*/ [final]
          FIELD FIELD_FOR_CAPTURED_VALUE name:$this_CollectWithLifecycle type:kotlinx.coroutines.flow.Flow<T of com.example.ui.common.extensions.FlowExtensionsKt.CollectWithLifecycle> visibility:public/*package*/ [final]
          FIELD FIELD_FOR_CAPTURED_VALUE name:$onCollect type:kotlin.coroutines.SuspendFunction1<T of com.example.ui.common.extensions.FlowExtensionsKt.CollectWithLifecycle, kotlin.Unit> visibility:public/*package*/ [final]
          FUN BRIDGE name:invoke visibility:public modality:OPEN <> ($this:com.example.ui.common.extensions.FlowExtensionsKt.CollectWithLifecycle.<no name provided>, p1:kotlin.Any?, p2:kotlin.Any?) returnType:kotlin.Any?
            $this: VALUE_PARAMETER INSTANCE_RECEIVER name:<this> type:com.example.ui.common.extensions.FlowExtensionsKt.CollectWithLifecycle.<no name provided>
            VALUE_PARAMETER BRIDGE name:p1 index:0 type:kotlin.Any?
            VALUE_PARAMETER BRIDGE name:p2 index:1 type:kotlin.Any?
            EXPRESSION_BODY
              RETURN type=kotlin.Nothing from='public open fun invoke (p1: kotlin.Any?, p2: kotlin.Any?): kotlin.Any? declared in com.example.ui.common.extensions.FlowExtensionsKt.CollectWithLifecycle.<no name provided>'
                CALL 'public final fun invoke (p1: kotlinx.coroutines.CoroutineScope, p2: kotlin.coroutines.Continuation<kotlin.Unit>?): kotlin.Any? declared in com.example.ui.common.extensions.FlowExtensionsKt.CollectWithLifecycle.<no name provided>' type=kotlin.Any? origin=BRIDGE_DELEGATION
                  $this: GET_VAR '<this>: com.example.ui.common.extensions.FlowExtensionsKt.CollectWithLifecycle.<no name provided> declared in com.example.ui.common.extensions.FlowExtensionsKt.CollectWithLifecycle.<no name provided>.invoke' type=com.example.ui.common.extensions.FlowExtensionsKt.CollectWithLifecycle.<no name provided> origin=null
                  p1: TYPE_OP type=kotlinx.coroutines.CoroutineScope origin=IMPLICIT_CAST typeOperand=kotlinx.coroutines.CoroutineScope
                    GET_VAR 'p1: kotlin.Any? declared in com.example.ui.common.extensions.FlowExtensionsKt.CollectWithLifecycle.<no name provided>.invoke' type=kotlin.Any? origin=null
                  p2: TYPE_OP type=kotlin.coroutines.Continuation<*> origin=IMPLICIT_CAST typeOperand=kotlin.coroutines.Continuation<*>
                    GET_VAR 'p2: kotlin.Any? declared in com.example.ui.common.extensions.FlowExtensionsKt.CollectWithLifecycle.<no name provided>.invoke' type=kotlin.Any? origin=null
        CONSTRUCTOR_CALL 'public/*package*/ constructor <init> ($lifecycleOwner: androidx.lifecycle.LifecycleOwner, $lifecycleState: androidx.lifecycle.Lifecycle.State, $this_CollectWithLifecycle: kotlinx.coroutines.flow.Flow<T of com.example.ui.common.extensions.FlowExtensionsKt.CollectWithLifecycle>, $onCollect: kotlin.coroutines.SuspendFunction1<T of com.example.ui.common.extensions.FlowExtensionsKt.CollectWithLifecycle, kotlin.Unit>, $completion: kotlin.coroutines.Continuation<com.example.ui.common.extensions.FlowExtensionsKt.CollectWithLifecycle.<no name provided>>?) [primary] declared in com.example.ui.common.extensions.FlowExtensionsKt.CollectWithLifecycle.<no name provided>' type=com.example.ui.common.extensions.FlowExtensionsKt.CollectWithLifecycle.<no name provided> origin=null
          $lifecycleOwner: GET_VAR 'val lifecycleOwner: androidx.lifecycle.LifecycleOwner [val] declared in com.example.ui.common.extensions.FlowExtensionsKt.CollectWithLifecycle' type=androidx.lifecycle.LifecycleOwner origin=null
          $lifecycleState: GET_VAR 'lifecycleState: androidx.lifecycle.Lifecycle.State declared in com.example.ui.common.extensions.FlowExtensionsKt.CollectWithLifecycle' type=androidx.lifecycle.Lifecycle.State origin=null
          $this_CollectWithLifecycle: GET_VAR '<this>: kotlinx.coroutines.flow.Flow<T of com.example.ui.common.extensions.FlowExtensionsKt.CollectWithLifecycle> declared in com.example.ui.common.extensions.FlowExtensionsKt.CollectWithLifecycle' type=kotlinx.coroutines.flow.Flow<T of com.example.ui.common.extensions.FlowExtensionsKt.CollectWithLifecycle> origin=null
          $onCollect: GET_VAR 'onCollect: kotlin.coroutines.SuspendFunction1<T of com.example.ui.common.extensions.FlowExtensionsKt.CollectWithLifecycle, kotlin.Unit> declared in com.example.ui.common.extensions.FlowExtensionsKt.CollectWithLifecycle' type=kotlin.coroutines.SuspendFunction1<T of com.example.ui.common.extensions.FlowExtensionsKt.CollectWithLifecycle, kotlin.Unit> origin=null
          $completion: CONST Null type=kotlin.Nothing? value=null

	at org.jetbrains.kotlin.backend.jvm.codegen.FunctionCodegen.generate(FunctionCodegen.kt:47)
	at org.jetbrains.kotlin.backend.jvm.codegen.FunctionCodegen.generate$default(FunctionCodegen.kt:40)
	at org.jetbrains.kotlin.backend.jvm.codegen.ClassCodegen.generateMethodNode(ClassCodegen.kt:406)
	at org.jetbrains.kotlin.backend.jvm.codegen.ClassCodegen.generateMethod(ClassCodegen.kt:423)
	at org.jetbrains.kotlin.backend.jvm.codegen.ClassCodegen.generate(ClassCodegen.kt:168)
	at org.jetbrains.kotlin.backend.jvm.FileCodegen.lower(JvmPhases.kt:39)
	at org.jetbrains.kotlin.backend.common.phaser.PhaseFactoriesKt.createFilePhase$lambda$4(PhaseFactories.kt:71)
	at org.jetbrains.kotlin.backend.common.phaser.PhaseBuildersKt$createSimpleNamedCompilerPhase$1.phaseBody(PhaseBuilders.kt:69)
	at org.jetbrains.kotlin.backend.common.phaser.SimpleNamedCompilerPhase.phaseBody(CompilerPhase.kt:226)
	at org.jetbrains.kotlin.backend.common.phaser.AbstractNamedCompilerPhase.invoke(CompilerPhase.kt:113)
	at org.jetbrains.kotlin.backend.common.phaser.PerformByIrFilePhase.invokeSequential(performByIrFile.kt:62)
	... 43 more
Caused by: org.jetbrains.kotlin.codegen.CompilationException: Back-end (JVM) Internal error: Couldn't inline method call: CALL 'public final fun <get-current> (): T of androidx.compose.runtime.CompositionLocal [inline] declared in androidx.compose.runtime.CompositionLocal' type=androidx.lifecycle.LifecycleOwner origin=GET_PROPERTY
Method: null
File is unknown
The root cause java.lang.IllegalStateException was thrown at: org.jetbrains.kotlin.codegen.inline.SourceCompilerForInlineKt.getMethodNode(SourceCompilerForInline.kt:118)
	at org.jetbrains.kotlin.codegen.inline.InlineCodegen.performInline(InlineCodegen.kt:65)
	at org.jetbrains.kotlin.backend.jvm.codegen.IrInlineCodegen.genInlineCall(IrInlineCodegen.kt:163)
	at org.jetbrains.kotlin.backend.jvm.codegen.IrInlineCallGenerator.genCall(IrInlineCallGenerator.kt:36)
	at org.jetbrains.kotlin.backend.jvm.codegen.ExpressionCodegen.visitCall(ExpressionCodegen.kt:653)
	at org.jetbrains.kotlin.backend.jvm.codegen.ExpressionCodegen.visitCall(ExpressionCodegen.kt:138)
	at org.jetbrains.kotlin.ir.expressions.IrCall.accept(IrCall.kt:24)
	at org.jetbrains.kotlin.backend.jvm.codegen.ExpressionCodegen.visitVariable(ExpressionCodegen.kt:790)
	at org.jetbrains.kotlin.backend.jvm.codegen.ExpressionCodegen.visitVariable(ExpressionCodegen.kt:138)
	at org.jetbrains.kotlin.ir.declarations.IrVariable.accept(IrVariable.kt:36)
	at org.jetbrains.kotlin.backend.jvm.codegen.ExpressionCodegen.visitStatementContainer(ExpressionCodegen.kt:579)
	at org.jetbrains.kotlin.backend.jvm.codegen.ExpressionCodegen.visitBlockBody(ExpressionCodegen.kt:584)
	at org.jetbrains.kotlin.backend.jvm.codegen.ExpressionCodegen.visitBlockBody(ExpressionCodegen.kt:138)
	at org.jetbrains.kotlin.ir.expressions.IrBlockBody.accept(IrBlockBody.kt:20)
	at org.jetbrains.kotlin.backend.jvm.codegen.ExpressionCodegen.generate(ExpressionCodegen.kt:240)
	at org.jetbrains.kotlin.backend.jvm.codegen.FunctionCodegen.doGenerate(FunctionCodegen.kt:123)
	at org.jetbrains.kotlin.backend.jvm.codegen.FunctionCodegen.generate(FunctionCodegen.kt:44)
	... 53 more
Caused by: java.lang.IllegalStateException: couldn't find inline method Landroidx/compose/runtime/CompositionLocal;.getCurrent()Ljava/lang/Object;
	at org.jetbrains.kotlin.codegen.inline.SourceCompilerForInlineKt.getMethodNode(SourceCompilerForInline.kt:118)
	at org.jetbrains.kotlin.codegen.inline.SourceCompilerForInlineKt.loadCompiledInlineFunction(SourceCompilerForInline.kt:96)
	at org.jetbrains.kotlin.backend.jvm.codegen.IrSourceCompilerForInline.compileInlineFunction(IrSourceCompilerForInline.kt:91)
	at org.jetbrains.kotlin.codegen.inline.InlineCodegen.compileInline(InlineCodegen.kt:43)
	at org.jetbrains.kotlin.codegen.inline.InlineCodegen.performInline(InlineCodegen.kt:51)
	... 68 more


